[ibrahimduniya.xyz/index.html]
[backblue.gif]
[fade.gif]
[index.html]
[ibrahimduniya.xyz/wp-content/uploads/2018/12/icon-300x300.gif]
[ibrahimduniya.xyz/wp-content/uploads/2019/07/screenshot.png]
[ibrahimduniya.xyz/feed]
[ibrahimduniya.xyz/comments/feed]
[ibrahimduniya.xyz/wp-content/plugins/portfolio-wp/css/crp-main-front9dff.css]
[ibrahimduniya.xyz/wp-content/plugins/portfolio-wp/css/crp-tc-buttons9dff.css]
[ibrahimduniya.xyz/wp-content/plugins/portfolio-wp/css/crp-tiled-layer9dff.css]
[ibrahimduniya.xyz/wp-content/plugins/portfolio-wp/css/fontawesome/font-awesome9dff.css]
[ibrahimduniya.xyz/wp-content/plugins/portfolio-wp/css/lightgallery/lightgallery9dff.css]
[ibrahimduniya.xyz/wp-content/plugins/portfolio-wp/css/crp-captions9dff.css]
[ibrahimduniya.xyz/wp-content/plugins/portfolio-wp/css/owl-carousel/assets/owl.carousel9dff.css]
[ibrahimduniya.xyz/wp-content/plugins/portfolio-wp/css/owl-carousel/layout9dff.css]
[ibrahimduniya.xyz/wp-content/plugins/yoo-slider/css/gks-tc-buttons9dff.css]
[ibrahimduniya.xyz/wp-content/plugins/yoo-slider/css/fontawesome/font-awesome9dff.css]
[ibrahimduniya.xyz/wp-content/plugins/yoo-slider/css/viewer/owl-carousel/assets/owl.carousel9dff.css]
[ibrahimduniya.xyz/wp-content/plugins/yoo-slider/css/viewer/owl-carousel/layout9dff.css]
[ibrahimduniya.xyz/wp-content/plugins/yoo-slider/css/viewer/owl-carousel/animate9dff.css]
[ibrahimduniya.xyz/wp-content/plugins/yoo-slider/css/gks-main-front9dff.css]
[ibrahimduniya.xyz/wp-content/themes/Newspaper/assets/css/bootstrap9dff.css]
[ibrahimduniya.xyz/wp-content/plugins/js_composer/assets/lib/bower/animate-css/animate.min3c21.css]
[ibrahimduniya.xyz/wp-content/themes/Newspaper/assets/css/lightbox9dff.css]
[ibrahimduniya.xyz/wp-content/themes/Newspaper/assets/css/style9dff.css]
[ibrahimduniya.xyz/wp-content/plugins/easy-table/themes/minimal/style4b1d.css]
[ibrahimduniya.xyz/wp-content/plugins/js_composer/assets/css/js_composer.min3c21.css]
[ibrahimduniya.xyz/wp-content/themes/Newspaper/styled03b.css]
[ibrahimduniya.xyz/wp-includes/js/jquery/jquery-migrate.min330a.js]
[ibrahimduniya.xyz/wp-content/plugins/portfolio-wp/js/crp-main-front9dff.js]
[ibrahimduniya.xyz/wp-content/plugins/portfolio-wp/js/crp-helper9dff.js]
[ibrahimduniya.xyz/wp-content/plugins/portfolio-wp/js/crp-tiled-layer9dff.js]
[ibrahimduniya.xyz/wp-content/plugins/portfolio-wp/js/jquery/jquery.modernizr9dff.js]
[ibrahimduniya.xyz/wp-content/plugins/portfolio-wp/js/crp-fs-viewer9dff.js]
[ibrahimduniya.xyz/wp-content/plugins/portfolio-wp/js/jquery/jquery.lightgallery9dff.js]
[ibrahimduniya.xyz/wp-includes/js/jquery/jquery4a5f.js]
[ibrahimduniya.xyz/wp-content/plugins/yoo-slider/js/gks-main-front9dff.js]
[ibrahimduniya.xyz/wp-content/plugins/yoo-slider/js/gks-helper9dff.js]
[ibrahimduniya.xyz/wp-content/plugins/yoo-slider/js/froogaloop2.min9dff.js]
[ibrahimduniya.xyz/wp-content/plugins/portfolio-wp/js/owl-carousel/owl.carousel9dff.js]
[ibrahimduniya.xyz/wp-content/themes/Newspaper/assets/js/active9dff.js]
[ibrahimduniya.xyz/wp-content/plugins/yoo-slider/js/viewer/owl-carousel/owl.carousel9dff.js]
[ibrahimduniya.xyz/wp-content/themes/Newspaper/assets/js/jquery.vide.min9dff.js]
[ibrahimduniya.xyz/wp-content/themes/Newspaper/assets/js/bootstrap9dff.js]
[ibrahimduniya.xyz/wp-content/themes/Newspaper/assets/js/script9dff.js]
[ibrahimduniya.xyz/wp-content/themes/Newspaper/assets/js/typewriting.min9dff.js]
[ibrahimduniya.xyz/wp-content/themes/Newspaper/assets/js/wow.min9dff.js]
[ibrahimduniya.xyz/wp-content/themes/Newspaper/assets/js/jquery-2.2.3.min9dff.js]
[ibrahimduniya.xyz/xmlrpc0db0.php]
[ibrahimduniya.xyz/wp-content/themes/Newspaper/assets/js/lightbox-plus-jquery.min9dff.js]
[ibrahimduniya.xyz/wp-includes/wlwmanifest.xml]
[ibrahimduniya.xyz/wp-json/index.html]
[ibrahimduniya.xyz/wp-json/oembed/1.0/embedb714.json]
[ibrahimduniya.xyz/wp-json/oembed/1.0/embed5ee9]
[ibrahimduniya.xyz/”http_/ibrahimduniya.xyz/”]
[ibrahimduniya.xyz/about.html]
[ibrahimduniya.xyz/my-skills.html]
[ibrahimduniya.xyz/my-experience.html]
[ibrahimduniya.xyz/my-qualification.html]
[ibrahimduniya.xyz/blog.html]
[ibrahimduniya.xyz/get-in-touch.html]
[ibrahimduniya.xyz/wp-content/uploads/2019/07/pic-2.jpg]
[ibrahimduniya.xyz/cdn-cgi/l/email-protection.html]
[ibrahimduniya.xyz/cdn-cgi/scripts/5c5dd728/cloudflare-static/email-decode.min.js]
[ibrahimduniya.xyz/js/jquery.vide.min.js]
[ibrahimduniya.xyz/wp-includes/js/jquery/ui/core.mine899.js]
[ibrahimduniya.xyz/wp-includes/js/jquery/ui/mouse.mine899.js]
[ibrahimduniya.xyz/wp-includes/js/jquery/ui/widget.mine899.js]
[ibrahimduniya.xyz/wp-includes/js/jquery/ui/resizable.mine899.js]
[ibrahimduniya.xyz/wp-includes/js/jquery/ui/button.mine899.js]
[ibrahimduniya.xyz/wp-includes/js/jquery/ui/draggable.mine899.js]
[ibrahimduniya.xyz/wp-includes/js/jquery/ui/position.mine899.js]
[ibrahimduniya.xyz/wp-includes/js/jquery/ui/dialog.mine899.js]
[ibrahimduniya.xyz/wp-includes/js/comment-reply.min9dff.js]
[ibrahimduniya.xyz/wp-content/themes/Newspaper/style.css]
[ibrahimduniya.xyz/wp-content/plugins/js_composer/assets/js/dist/js_composer_front.min3c21.js]
[ibrahimduniya.xyz/index.html]
[ibrahimduniya.xyz/xmlrpc.php]
[ajax.cloudflare.com/cdn-cgi/scripts/7089c43e/cloudflare-static/rocket-loader.min.js]
[ibrahimduniya.xyz/wp-content/plugins/portfolio-wp/images/general/icons/close-icon-2.png]
[ibrahimduniya.xyz/wp-content/plugins/portfolio-wp/css/crp-main-front9dff.css]
[ibrahimduniya.xyz/wp-content/plugins/portfolio-wp/css/crp-tc-buttons9dff.css]
[ibrahimduniya.xyz/wp-content/plugins/portfolio-wp/css/crp-tiled-layer9dff.css]
[ibrahimduniya.xyz/wp-content/themes/Newspaper/js/tagdiv_theme.mind03b.js]
[ibrahimduniya.xyz/wp-content/plugins/portfolio-wp/css/fonts/fontawesome-webfonte0a5.woff2]
[ibrahimduniya.xyz/wp-content/plugins/portfolio-wp/css/fonts/fontawesome-webfonte0a5.woff]
[ibrahimduniya.xyz/wp-content/plugins/portfolio-wp/css/fonts/fontawesome-webfonte0a5.eot]
[ibrahimduniya.xyz/wp-content/plugins/portfolio-wp/css/fonts/fontawesome-webfontd41d.eot]
[ibrahimduniya.xyz/wp-content/plugins/portfolio-wp/css/fontawesome/font-awesome9dff.css]
[ibrahimduniya.xyz/wp-content/plugins/portfolio-wp/css/lightgallery/lightgallery9dff.css]
[ibrahimduniya.xyz/wp-content/plugins/portfolio-wp/css/crp-captions9dff.css]
[ibrahimduniya.xyz/wp-content/plugins/portfolio-wp/css/lightgallery/fonts/Slide-icons.eot]
[ibrahimduniya.xyz/wp-content/plugins/portfolio-wp/css/owl-carousel/assets/owl.carousel9dff.css]
[ibrahimduniya.xyz/wp-content/plugins/portfolio-wp/css/owl-carousel/layout9dff.css]
[ibrahimduniya.xyz/wp-content/plugins/yoo-slider/css/gks-tc-buttons9dff.css]
[ibrahimduniya.xyz/wp-content/plugins/portfolio-wp/css/owl-carousel/assets/owl.video.play.png]
[ibrahimduniya.xyz/wp-content/plugins/portfolio-wp/css/fonts/fontawesome-webfonte0a5.svg]
[ibrahimduniya.xyz/wp-content/plugins/portfolio-wp/css/fonts/fontawesome-webfonte0a5.ttf]
[ibrahimduniya.xyz/wp-content/plugins/yoo-slider/css/fonts/fontawesome-webfonte0a5.woff2]
[ibrahimduniya.xyz/wp-content/plugins/yoo-slider/css/fonts/fontawesome-webfonte0a5.woff]
[ibrahimduniya.xyz/wp-content/plugins/yoo-slider/css/fonts/fontawesome-webfonte0a5.eot]
[ibrahimduniya.xyz/wp-content/plugins/yoo-slider/css/fonts/fontawesome-webfontd41d.eot]
[ibrahimduniya.xyz/wp-content/plugins/yoo-slider/css/fontawesome/font-awesome9dff.css]
[ibrahimduniya.xyz/wp-content/plugins/yoo-slider/css/viewer/owl-carousel/assets/owl.carousel9dff.css]
[ibrahimduniya.xyz/wp-content/plugins/yoo-slider/css/viewer/owl-carousel/layout9dff.css]
[ibrahimduniya.xyz/wp-content/plugins/yoo-slider/css/viewer/owl-carousel/animate9dff.css]
[ibrahimduniya.xyz/wp-content/plugins/yoo-slider/css/viewer/owl-carousel/assets/owl.video.play.png]
[ibrahimduniya.xyz/wp-content/plugins/yoo-slider/images/general/icons/close-icon-2.png]
[ibrahimduniya.xyz/wp-content/plugins/yoo-slider/css/fonts/fontawesome-webfonte0a5.svg]
[ibrahimduniya.xyz/wp-content/plugins/yoo-slider/images/general/youtube-play.png]
[ibrahimduniya.xyz/wp-content/plugins/yoo-slider/images/general/video-play.png]
[ibrahimduniya.xyz/wp-content/plugins/yoo-slider/images/general/popup-loader-light1.gif]
[ibrahimduniya.xyz/wp-content/plugins/yoo-slider/css/fonts/fontawesome-webfonte0a5.ttf]
[ibrahimduniya.xyz/wp-content/plugins/yoo-slider/images/general/popup-loader-dark.gif]
[ibrahimduniya.xyz/wp-content/plugins/yoo-slider/images/general/star_0.svg]
[ibrahimduniya.xyz/wp-content/plugins/yoo-slider/css/gks-main-front9dff.css]
[ibrahimduniya.xyz/wp-content/plugins/yoo-slider/images/general/star_1.svg]
[ibrahimduniya.xyz/wp-content/themes/Newspaper/assets/fonts/glyphicons-halflings-regular.eot]
[ibrahimduniya.xyz/wp-content/themes/Newspaper/assets/fonts/glyphicons-halflings-regulard41d.eot]
[ibrahimduniya.xyz/wp-content/themes/Newspaper/assets/fonts/glyphicons-halflings-regular.woff2]
[ibrahimduniya.xyz/wp-content/themes/Newspaper/assets/fonts/glyphicons-halflings-regular.woff]
[ibrahimduniya.xyz/wp-content/themes/Newspaper/assets/fonts/glyphicons-halflings-regular.ttf]
[ibrahimduniya.xyz/wp-content/themes/Newspaper/assets/fonts/glyphicons-halflings-regular.svg]
[ibrahimduniya.xyz/wp-content/themes/Newspaper/assets/css/bootstrap9dff.css]
[ibrahimduniya.xyz/wp-content/plugins/js_composer/assets/lib/bower/animate-css/animate.min3c21.css]
[ibrahimduniya.xyz/wp-content/themes/Newspaper/assets/images/close.png]
[ibrahimduniya.xyz/wp-content/themes/Newspaper/assets/images/loading.gif]
[ibrahimduniya.xyz/wp-content/themes/Newspaper/assets/images/prev.png]
[ibrahimduniya.xyz/wp-content/themes/Newspaper/assets/images/next.png]
[ibrahimduniya.xyz/wp-content/themes/Newspaper/assets/css/lightbox9dff.css]
[ibrahimduniya.xyz/wp-content/themes/Newspaper/assets/images/bg.png]
[ibrahimduniya.xyz/wp-content/themes/Newspaper/assets/css/style9dff.css]
[ibrahimduniya.xyz/wp-content/plugins/easy-table/themes/minimal/style4b1d.css]
[ibrahimduniya.xyz/wp-content/plugins/easy-table/css/easy-table.css]
[ibrahimduniya.xyz/wp-content/plugins/js_composer/assets/vc/alert.png]
[ibrahimduniya.xyz/wp-content/plugins/js_composer/assets/vc/info.png]
[ibrahimduniya.xyz/wp-content/plugins/js_composer/assets/vc/tick.png]
[ibrahimduniya.xyz/wp-content/plugins/js_composer/assets/vc/exclamation.png]
[ibrahimduniya.xyz/wp-content/plugins/js_composer/assets/images/icons/address-book.png]
[ibrahimduniya.xyz/wp-content/plugins/js_composer/assets/images/icons/alarm-clock.png]
[ibrahimduniya.xyz/wp-content/plugins/js_composer/assets/images/icons/anchor.png]
[ibrahimduniya.xyz/wp-content/plugins/js_composer/assets/images/icons/application-image.png]
[ibrahimduniya.xyz/wp-content/plugins/js_composer/assets/images/icons/arrow.png]
[ibrahimduniya.xyz/wp-content/plugins/js_composer/assets/images/icons/asterisk.png]
[ibrahimduniya.xyz/wp-content/plugins/js_composer/assets/images/icons/auction-hammer.png]
[ibrahimduniya.xyz/wp-content/plugins/js_composer/assets/images/icons/balloon.png]
[ibrahimduniya.xyz/wp-content/plugins/js_composer/assets/images/icons/balloon-buzz.png]
[ibrahimduniya.xyz/wp-content/plugins/js_composer/assets/images/icons/balloon-facebook.png]
[ibrahimduniya.xyz/wp-content/plugins/js_composer/assets/images/icons/balloon-twitter.png]
[ibrahimduniya.xyz/wp-content/plugins/js_composer/assets/images/icons/battery-full.png]
[ibrahimduniya.xyz/wp-content/plugins/js_composer/assets/images/icons/binocular.png]
[ibrahimduniya.xyz/wp-content/plugins/js_composer/assets/images/icons/blue-document-excel.png]
[ibrahimduniya.xyz/wp-content/plugins/js_composer/assets/images/icons/blue-document-image.png]
[ibrahimduniya.xyz/wp-content/plugins/js_composer/assets/images/icons/blue-document-music.png]
[ibrahimduniya.xyz/wp-content/plugins/js_composer/assets/images/icons/blue-document-office.png]
[ibrahimduniya.xyz/wp-content/plugins/js_composer/assets/images/icons/blue-document-pdf.png]
[ibrahimduniya.xyz/wp-content/plugins/js_composer/assets/images/icons/blue-document-powerpoint.png]
[ibrahimduniya.xyz/wp-content/plugins/js_composer/assets/images/icons/blue-document-word.png]
[ibrahimduniya.xyz/wp-content/plugins/js_composer/assets/images/icons/bookmark.png]
[ibrahimduniya.xyz/wp-content/plugins/js_composer/assets/images/icons/camcorder.png]
[ibrahimduniya.xyz/wp-content/plugins/js_composer/assets/images/icons/camera.png]
[ibrahimduniya.xyz/wp-content/plugins/js_composer/assets/images/icons/chart.png]
[ibrahimduniya.xyz/wp-content/plugins/js_composer/assets/images/icons/chart-pie.png]
[ibrahimduniya.xyz/wp-content/plugins/js_composer/assets/images/icons/clock.png]
[ibrahimduniya.xyz/wp-content/plugins/js_composer/assets/images/icons/control.png]
[ibrahimduniya.xyz/wp-content/plugins/js_composer/assets/images/icons/fire.png]
[ibrahimduniya.xyz/wp-content/plugins/js_composer/assets/images/icons/heart.png]
[ibrahimduniya.xyz/wp-content/plugins/js_composer/assets/images/icons/mail.png]
[ibrahimduniya.xyz/wp-content/plugins/js_composer/assets/images/icons/plus-shield.png]
[ibrahimduniya.xyz/wp-content/plugins/js_composer/assets/images/icons/video.png]
[ibrahimduniya.xyz/wp-content/plugins/js_composer/assets/fonts/vc_icons/fonts/VC-Icons8309.ttf]
[ibrahimduniya.xyz/wp-content/plugins/js_composer/assets/fonts/vc_icons/fonts/VC-Icons8309.woff]
[ibrahimduniya.xyz/wp-content/plugins/js_composer/assets/fonts/vc_icons/fonts/VC-Icons8309.svg]
[ibrahimduniya.xyz/wp-content/plugins/js_composer/assets/images/toggle_open.png]
[ibrahimduniya.xyz/wp-content/plugins/js_composer/assets/images/toggle_close.png]
[ibrahimduniya.xyz/wp-content/plugins/js_composer/assets/images/flickr.png]
[ibrahimduniya.xyz/wp-content/plugins/js_composer/assets/fonts/vc_grid/vc_grid_v157a1.eot]
[ibrahimduniya.xyz/wp-content/plugins/js_composer/assets/fonts/vc_grid/vc_grid_v1d41d.eot]
[ibrahimduniya.xyz/wp-content/plugins/js_composer/assets/fonts/vc_grid/vc_grid_v157a1.woff]
[ibrahimduniya.xyz/wp-content/plugins/js_composer/assets/fonts/vc_grid/vc_grid_v157a1.ttf]
[ibrahimduniya.xyz/wp-content/plugins/js_composer/assets/css/js_composer.min3c21.css]
[ibrahimduniya.xyz/wp-content/plugins/js_composer/assets/fonts/vc_grid/vc_grid_v157a1.svg]
[ibrahimduniya.xyz/wp-content/themes/Newspaper/images/icons/newspaperc20a.eot]
[ibrahimduniya.xyz/wp-content/themes/Newspaper/images/icons/newspaperc20a.woff]
[ibrahimduniya.xyz/wp-content/themes/Newspaper/images/icons/newspaperc20a.ttf]
[ibrahimduniya.xyz/wp-content/themes/Newspaper/images/icons/newspaperc20a.svg]
[ibrahimduniya.xyz/wp-content/themes/Newspaper/images/icons/newspaper-iconsc4ca.eot]
[ibrahimduniya.xyz/wp-content/themes/Newspaper/images/icons/newspaper-iconsc4ca.woff]
[ibrahimduniya.xyz/wp-content/themes/Newspaper/images/icons/newspaper-iconsc4ca.ttf]
[ibrahimduniya.xyz/wp-content/themes/Newspaper/images/icons/newspaper-iconsc4ca.svg]
[ibrahimduniya.xyz/wp-content/themes/Newspaper/images/sprite/elements@2x.png]
[ibrahimduniya.xyz/wp-content/themes/Newspaper/images/sprite/elements.png]
[ibrahimduniya.xyz/wp-content/themes/Newspaper/demos_popup/demos-popup.png]
[ibrahimduniya.xyz/wp-content/themes/Newspaper/images/sprite/weather/clear-sky-d.png]
[ibrahimduniya.xyz/wp-content/themes/Newspaper/images/sprite/weather/clear-sky-n.png]
[ibrahimduniya.xyz/wp-content/themes/Newspaper/images/sprite/weather/few-clouds-d.png]
[ibrahimduniya.xyz/wp-content/themes/Newspaper/images/sprite/weather/few-clouds-n.png]
[ibrahimduniya.xyz/wp-content/themes/Newspaper/images/sprite/weather/scattered-clouds-d.png]
[ibrahimduniya.xyz/wp-content/themes/Newspaper/images/sprite/weather/scattered-clouds-n.png]
[ibrahimduniya.xyz/wp-content/themes/Newspaper/images/sprite/weather/broken-clouds-d.png]
[ibrahimduniya.xyz/wp-content/themes/Newspaper/images/sprite/weather/broken-clouds-n.png]
[ibrahimduniya.xyz/wp-content/themes/Newspaper/images/sprite/weather/shower-rain-d.png]
[ibrahimduniya.xyz/wp-content/themes/Newspaper/images/sprite/weather/shower-rain-n.png]
[ibrahimduniya.xyz/wp-content/themes/Newspaper/images/sprite/weather/rain-d.png]
[ibrahimduniya.xyz/wp-content/themes/Newspaper/images/sprite/weather/rain-n.png]
[ibrahimduniya.xyz/wp-content/themes/Newspaper/images/sprite/weather/thunderstorm.png]
[ibrahimduniya.xyz/wp-content/themes/Newspaper/images/sprite/weather/snow-d.png]
[ibrahimduniya.xyz/wp-content/themes/Newspaper/images/sprite/weather/snow-n.png]
[ibrahimduniya.xyz/wp-content/themes/Newspaper/images/sprite/weather/mist.png]
[ibrahimduniya.xyz/wp-content/themes/Newspaper/images/flags/flags.png]
[ibrahimduniya.xyz/wp-content/themes/Newspaper/styled03b.css]
[ibrahimduniya.xyz/wp-content/plugins/yoo-slider/js/gks-user-scripts9dff.js]
[ibrahimduniya.xyz/”http_/ibrahimduniya.xyz/”.html]
[ibrahimduniya.xyz/wp-json/oembed/1.0/embeda68d.json]
[ibrahimduniya.xyz/wp-json/oembed/1.0/embedf91d]
[ibrahimduniya.xyz/wp-content/uploads/2018/12/img1.jpg]
[ibrahimduniya.xyz/about.html]
[ibrahimduniya.xyz/wp-json/oembed/1.0/embed8f77.json]
[ibrahimduniya.xyz/my-skills.html]
[ibrahimduniya.xyz/wp-json/oembed/1.0/embed2ca5]
[ibrahimduniya.xyz/wp-json/oembed/1.0/embedfe8a.json]
[ibrahimduniya.xyz/my-experience.html]
[ibrahimduniya.xyz/wp-json/oembed/1.0/embed168f]
[ibrahimduniya.xyz/wp-json/oembed/1.0/embed5f3e.json]
[ibrahimduniya.xyz/my-qualification.html]
[ibrahimduniya.xyz/wp-json/oembed/1.0/embedcb6c]
[ibrahimduniya.xyz/wp-json/oembed/1.0/embed12fe.json]
[ibrahimduniya.xyz/wp-json/oembed/1.0/embedbc99]
[ibrahimduniya.xyz/wp-content/uploads/2019/02/Cheapest-Shared-Hosting-Comparison-Chart-218x150.jpg]
[ibrahimduniya.xyz/blog.html]
[ibrahimduniya.xyz/cheapest-shared-hosting-comparison-chart.html]
[ibrahimduniya.xyz/wp-json/oembed/1.0/embed3ad1.json]
[ibrahimduniya.xyz/get-in-touch.html]
[ibrahimduniya.xyz/wp-json/oembed/1.0/embed7566]
[ibrahimduniya.xyz/cdn-cgi/styles/cf.errors.css]
[ibrahimduniya.xyz/cdn-cgi/scripts/zepto.min.js]
[ibrahimduniya.xyz/cdn-cgi/l/email-protection.html]
[ibrahimduniya.xyz/js/jquery.vide.min.html]
[ibrahimduniya.xyz/cdn-cgi/scripts/cf.common.js]
[ibrahimduniya.xyz/wp-content/themes/Newspaper/style.css]
[ibrahimduniya.xyz/wp-content/plugins/portfolio-wp/css/fonts/fontawesome-webfonte0a5.svg]
[ibrahimduniya.xyz/wp-content/plugins/yoo-slider/css/fonts/fontawesome-webfonte0a5.svg]
[ibrahimduniya.xyz/wp-content/plugins/yoo-slider/images/general/star_0.svg]
[ibrahimduniya.xyz/wp-content/plugins/yoo-slider/images/general/star_1.svg]
[ibrahimduniya.xyz/wp-content/themes/Newspaper/assets/fonts/glyphicons-halflings-regular.html]
[ibrahimduniya.xyz/wp-content/themes/Newspaper/assets/fonts/glyphicons-halflings-regulard41d.html]
[ibrahimduniya.xyz/wp-content/themes/Newspaper/assets/fonts/glyphicons-halflings-regular-2.html]
[ibrahimduniya.xyz/wp-content/themes/Newspaper/assets/fonts/glyphicons-halflings-regular-3.html]
[ibrahimduniya.xyz/wp-content/themes/Newspaper/assets/fonts/glyphicons-halflings-regular-4.html]
[ibrahimduniya.xyz/wp-content/themes/Newspaper/assets/fonts/glyphicons-halflings-regular-5.html]
[ibrahimduniya.xyz/wp-content/themes/Newspaper/assets/images/close.html]
[ibrahimduniya.xyz/wp-content/themes/Newspaper/assets/images/loading.html]
[ibrahimduniya.xyz/wp-content/themes/Newspaper/assets/images/prev.html]
[ibrahimduniya.xyz/wp-content/themes/Newspaper/assets/images/next.html]
[ibrahimduniya.xyz/wp-content/themes/Newspaper/assets/images/bg.html]
[ibrahimduniya.xyz/wp-content/plugins/easy-table/images/bg.gif]
[ibrahimduniya.xyz/wp-content/plugins/easy-table/images/asc.gif]
[ibrahimduniya.xyz/wp-content/plugins/easy-table/images/desc.gif]
[ibrahimduniya.xyz/wp-content/plugins/easy-table/css/easy-table.css]
[ibrahimduniya.xyz/wp-content/plugins/js_composer/assets/fonts/vc_icons/fonts/VC-Icons8309.svg]
[ibrahimduniya.xyz/wp-content/plugins/js_composer/assets/fonts/vc_grid/vc_grid_v157a1.svg]
[ibrahimduniya.xyz/wp-content/themes/Newspaper/images/icons/newspaperc20a.svg]
[ibrahimduniya.xyz/wp-content/themes/Newspaper/images/icons/newspaper-iconsc4ca.svg]
[ibrahimduniya.xyz/wp-content/themes/Newspaper/demos_popup/demos-popup.html]
[ibrahimduniya.xyz/index1c4a.html]
[ibrahimduniya.xyz/index5643.html]
[ibrahimduniya.xyz/index6c46.html]
[ibrahimduniya.xyz/index1e7e.html]
[ibrahimduniya.xyz/index5d38.html]
[ibrahimduniya.xyz/wp-content/uploads/2019/02/Cheapest-Shared-Hosting-Comparison-Chart.jpg]
[ibrahimduniya.xyz/cheapest-shared-hosting-comparison-chart/feed]
[ibrahimduniya.xyz/wp-json/oembed/1.0/embed2617.json]
[ibrahimduniya.xyz/wp-json/oembed/1.0/embedcb86]
[ibrahimduniya.xyz/cheapest-shared-hosting-comparison-chart.html]
[ibrahimduniya.xyz/indexb93f.html]
[ibrahimduniya.xyz/author/ibrahimduniya.html]
[ibrahimduniya.xyz/cdn-cgi/styles/fonts/opensans-300.eot]
[ibrahimduniya.xyz/cdn-cgi/styles/fonts/opensans-300.ttf]
[ibrahimduniya.xyz/cdn-cgi/styles/fonts/opensans-300.svg]
[ibrahimduniya.xyz/cdn-cgi/styles/fonts/opensans-300.woff]
[ibrahimduniya.xyz/cdn-cgi/styles/fonts/opensans-300d41d.eot]
[ibrahimduniya.xyz/cdn-cgi/styles/fonts/opensans-400.ttf]
[ibrahimduniya.xyz/cdn-cgi/styles/fonts/opensans-400.eot]
[ibrahimduniya.xyz/cdn-cgi/styles/fonts/opensans-400.woff]
[ibrahimduniya.xyz/cdn-cgi/styles/fonts/opensans-400.svg]
[ibrahimduniya.xyz/cdn-cgi/styles/fonts/opensans-600.woff]
[ibrahimduniya.xyz/cdn-cgi/styles/fonts/opensans-400d41d.eot]
[ibrahimduniya.xyz/cdn-cgi/styles/fonts/opensans-600.ttf]
[ibrahimduniya.xyz/cdn-cgi/styles/fonts/opensans-600.eot]
[ibrahimduniya.xyz/cdn-cgi/styles/fonts/opensans-600.svg]
[ibrahimduniya.xyz/cdn-cgi/styles/fonts/opensans-700.woff]
[ibrahimduniya.xyz/cdn-cgi/styles/fonts/opensans-700.ttf]
[ibrahimduniya.xyz/cdn-cgi/styles/fonts/opensans-600d41d.eot]
[ibrahimduniya.xyz/cdn-cgi/styles/fonts/opensans-700.eot]
[ibrahimduniya.xyz/cdn-cgi/styles/fonts/opensans-700.svg]
[ibrahimduniya.xyz/cdn-cgi/styles/fonts/opensans-700d41d.eot]
[ibrahimduniya.xyz/cdn-cgi/styles/fonts/opensans-300i.ttf]
[ibrahimduniya.xyz/cdn-cgi/styles/fonts/opensans-300i.woff]
[ibrahimduniya.xyz/cdn-cgi/styles/fonts/opensans-300i.eot]
[ibrahimduniya.xyz/cdn-cgi/styles/fonts/opensans-300i.svg]
[ibrahimduniya.xyz/cdn-cgi/styles/fonts/opensans-400i.woff]
[ibrahimduniya.xyz/cdn-cgi/styles/fonts/opensans-300id41d.eot]
[ibrahimduniya.xyz/cdn-cgi/styles/fonts/opensans-400i.eot]
[ibrahimduniya.xyz/cdn-cgi/styles/fonts/opensans-400i.ttf]
[ibrahimduniya.xyz/cdn-cgi/styles/fonts/opensans-400i.svg]
[ibrahimduniya.xyz/cdn-cgi/images/error_icons.png]
[ibrahimduniya.xyz/cdn-cgi/images/icon-exclamation111f.png]
[ibrahimduniya.xyz/cdn-cgi/images/browser-bar111f.png]
[ibrahimduniya.xyz/cdn-cgi/styles/cf.errors.css]
[ibrahimduniya.xyz/indexb6ad.html]
[ibrahimduniya.xyz/cdn-cgi/styles/fonts/opensans-400id41d.eot]
[ibrahimduniya.xyz/author/ibrahimduniya/feed]
[ibrahimduniya.xyz/author/”http_/ibrahimduniya.xyz/”]
[ibrahimduniya.xyz/wp-content/uploads/2019/02/Cheapest-Shared-Hosting-Comparison-Chart-324x160.jpg]
[ibrahimduniya.xyz/author/ibrahimduniya.html]
[ibrahimduniya.xyz/cdn-cgi/styles/fonts/opensans-300.svg]
[ibrahimduniya.xyz/cdn-cgi/styles/fonts/opensans-400.svg]
[ibrahimduniya.xyz/cdn-cgi/styles/fonts/opensans-600.svg]
[ibrahimduniya.xyz/cdn-cgi/styles/fonts/opensans-700.svg]
[ibrahimduniya.xyz/cdn-cgi/styles/fonts/opensans-300i.svg]
[ibrahimduniya.xyz/cdn-cgi/styles/fonts/opensans-400i.svg]
[ibrahimduniya.xyz/wp-content/themes/Newspaper/index.html]
[ibrahimduniya.xyz/author/”http_/ibrahimduniya.xyz/”.html]
